// Jest Snapshot v1, https://goo.gl/fbAQLP

exports[`App Does match snapshots 1`] = `ShallowWrapper {}`;
